<div id="test" class="test"><span id="data">data</span><div>testing</div></div>

<div id="test" class="test"><span id="data">data</span><div>testing 2</div></div>