{Nested}{Fiters}{Are}{Working}locals are working{/Working}{/Are}{/Fiters}{/Nested}