<div><some>test</some><another>test2</another></div>