<div id="test" class="test"><span id="data">data</span><div>Globbing 1</div></div>

<div id="test" class="test"><span id="data">data</span><div>Globbing 2</div></div>